[pxdraft.com/pxdemo/softon/index.html]
[backblue.gif]
[fade.gif]
[index.html]
[pxdraft.com/pxdemo/softon/favicon.ico]
[pxdraft.com/pxdemo/softon/index-02.html]
[pxdraft.com/pxdemo/softon/index-03.html]
[pxdraft.com/pxdemo/softon/index-04.html]
[pxdraft.com/pxdemo/softon/index-05.html]
[pxdraft.com/pxdemo/softon/index-06.html]
[pxdraft.com/pxdemo/softon/index-07.html]
[pxdraft.com/pxdemo/softon/index-08.html]
[pxdraft.com/pxdemo/softon/index-09.html]
[pxdraft.com/pxdemo/softon/index-10.html]
[pxdraft.com/pxdemo/softon/index-11.html]
[pxdraft.com/pxdemo/softon/index-12.html]
[pxdraft.com/pxdemo/softon/index-13.html]
[pxdraft.com/pxdemo/softon/about-us.html]
[pxdraft.com/pxdemo/softon/services.html]
[pxdraft.com/pxdemo/softon/pricing.html]
[pxdraft.com/pxdemo/softon/career.html]
[pxdraft.com/pxdemo/softon/single-careers.html]
[pxdraft.com/pxdemo/softon/help.html]
[pxdraft.com/pxdemo/softon/help-topic.html]
[pxdraft.com/pxdemo/softon/policy.html]
[pxdraft.com/pxdemo/softon/faq.html]
[pxdraft.com/pxdemo/softon/contact-us.html]
[pxdraft.com/pxdemo/softon/blog.html]
[pxdraft.com/pxdemo/softon/blog-single.html]
[pxdraft.com/pxdemo/softon/static/img/home-banner-2.jpg]
[pxdraft.com/pxdemo/softon/static/img/home-banner-3.jpg]
[pxdraft.com/pxdemo/softon/static/img/bg-1.jpg]
[pxdraft.com/pxdemo/softon/static/img/team-1.jpg]
[pxdraft.com/pxdemo/softon/static/img/team-2.jpg]
[pxdraft.com/pxdemo/softon/static/img/team-3.jpg]
[pxdraft.com/pxdemo/softon/static/img/team-4.jpg]
[pxdraft.com/pxdemo/softon/static/img/blog-1.jpg]
[pxdraft.com/pxdemo/softon/static/img/blog-2.jpg]
[pxdraft.com/pxdemo/softon/static/img/blog-3.jpg]
[pxdraft.com/pxdemo/softon/static/js/jquery-3.2.1.min.js]
[pxdraft.com/pxdemo/softon/static/vendor/appear/jquery.appear.js]
[pxdraft.com/pxdemo/softon/static/vendor/bootstrap/js/bootstrap.bundle.min.js]
[pxdraft.com/pxdemo/softon/static/vendor/counter/jquery.countTo.js]
[pxdraft.com/pxdemo/softon/static/vendor/typed/typed.js]
[pxdraft.com/pxdemo/softon/static/vendor/owl-carousel/js/owl.carousel.min.js]
[pxdraft.com/pxdemo/softon/static/vendor/magnific/jquery.magnific-popup.min.js]
[pxdraft.com/pxdemo/softon/static/vendor/isotope/isotope.pkgd.min.js]
[pxdraft.com/pxdemo/softon/static/vendor/svginjector/svg-injector.min.js]
[pxdraft.com/pxdemo/softon/static/vendor/jarallax/jarallax-all.js]
[pxdraft.com/pxdemo/softon/index.html]
[pxdraft.com/pxdemo/softon/static/js/custom.js]
[pxdraft.com/pxdemo/softon/static/css/style.css]
[pxdraft.com/pxdemo/softon/static/img/logo.svg]
[pxdraft.com/pxdemo/softon/static/img/logo-light.svg]
[pxdraft.com/pxdemo/softon/static/img/about-4.jpg]
[pxdraft.com/pxdemo/softon/static/img/about-1.jpg]
[pxdraft.com/pxdemo/softon/static/img/about-5.jpg]
[pxdraft.com/pxdemo/softon/static/img/about-3.jpg]
[pxdraft.com/pxdemo/softon/static/img/project-1.jpg]
[pxdraft.com/pxdemo/softon/static/img/project-2.jpg]
[pxdraft.com/pxdemo/softon/static/img/project-3.jpg]
[pxdraft.com/pxdemo/softon/static/img/project-4.jpg]
[pxdraft.com/pxdemo/softon/static/img/project-5.jpg]
[pxdraft.com/pxdemo/softon/static/img/avatra-1.jpg]
[pxdraft.com/pxdemo/softon/index-02.html]
[pxdraft.com/pxdemo/softon/static/img/home-banner-4.jpg]
[pxdraft.com/pxdemo/softon/index-03.html]
[pxdraft.com/pxdemo/softon/index-04.html]
[pxdraft.com/pxdemo/softon/static/img/blog-4.jpg]
[pxdraft.com/pxdemo/softon/static/img/home-banner-1.jpg]
[pxdraft.com/pxdemo/softon/static/img/about-2.jpg]
[pxdraft.com/pxdemo/softon/index-05.html]
[pxdraft.com/pxdemo/softon/static/img/mack-book.png]
[pxdraft.com/pxdemo/softon/static/img/home-3-f2.png]
[pxdraft.com/pxdemo/softon/static/img/home-3-f1.png]
[pxdraft.com/pxdemo/softon/static/img/ss1.jpg]
[pxdraft.com/pxdemo/softon/static/img/ss2.jpg]
[pxdraft.com/pxdemo/softon/static/img/ss3.jpg]
[pxdraft.com/pxdemo/softon/index-06.html]
[pxdraft.com/pxdemo/softon/static/img/500x500-1.jpg]
[pxdraft.com/pxdemo/softon/index-07.html]
[pxdraft.com/pxdemo/softon/index-08.html]
[pxdraft.com/pxdemo/softon/index-09.html]
[pxdraft.com/pxdemo/softon/index-10.html]
[pxdraft.com/pxdemo/softon/index-11.html]
[pxdraft.com/pxdemo/softon/index-12.html]
[pxdraft.com/pxdemo/softon/index-13.html]
[pxdraft.com/pxdemo/softon/about-us.html]
[pxdraft.com/pxdemo/softon/services.html]
[pxdraft.com/pxdemo/softon/pricing.html]
[pxdraft.com/pxdemo/softon/career.html]
[pxdraft.com/pxdemo/softon/single-careers.html]
[pxdraft.com/pxdemo/softon/help.html]
[pxdraft.com/pxdemo/softon/help-topic.html]
[pxdraft.com/pxdemo/softon/policy.html]
[pxdraft.com/pxdemo/softon/faq.html]
[pxdraft.com/pxdemo/softon/static/img/contact-us.jpg]
[pxdraft.com/pxdemo/softon/contact-us.html]
[pxdraft.com/pxdemo/softon/blog.html]
[pxdraft.com/pxdemo/softon/blog-single.html]
[pxdraft.com/pxdemo/softon/static/img/feature-2.svg]
[pxdraft.com/pxdemo/softon/static/img/feature-4.svg]
[pxdraft.com/pxdemo/softon/static/img/feature-6.svg]
[pxdraft.com/pxdemo/softon/static/img/contact-us.svg]
[pxdraft.com/pxdemo/softon/static/vendor/fontawesome/webfonts/fa-brands-400.eot]
[pxdraft.com/pxdemo/softon/static/vendor/fontawesome/webfonts/fa-brands-400d41d.eot]
[pxdraft.com/pxdemo/softon/static/vendor/fontawesome/webfonts/fa-brands-400.woff2]
[pxdraft.com/pxdemo/softon/static/vendor/fontawesome/webfonts/fa-brands-400.woff]
[pxdraft.com/pxdemo/softon/static/vendor/fontawesome/webfonts/fa-brands-400.ttf]
[pxdraft.com/pxdemo/softon/static/vendor/fontawesome/webfonts/fa-regular-400.eot]
[pxdraft.com/pxdemo/softon/static/vendor/fontawesome/webfonts/fa-regular-400.woff2]
[pxdraft.com/pxdemo/softon/static/vendor/fontawesome/webfonts/fa-regular-400.woff]
[pxdraft.com/pxdemo/softon/static/vendor/fontawesome/webfonts/fa-regular-400d41d.eot]
[pxdraft.com/pxdemo/softon/static/vendor/fontawesome/webfonts/fa-regular-400.ttf]
[pxdraft.com/pxdemo/softon/static/vendor/fontawesome/webfonts/fa-solid-900.eot]
[pxdraft.com/pxdemo/softon/static/vendor/fontawesome/webfonts/fa-solid-900d41d.eot]
[pxdraft.com/pxdemo/softon/static/vendor/fontawesome/webfonts/fa-solid-900.woff2]
[pxdraft.com/pxdemo/softon/static/vendor/fontawesome/webfonts/fa-solid-900.woff]
[pxdraft.com/pxdemo/softon/static/vendor/fontawesome/webfonts/fa-solid-900.ttf]
[pxdraft.com/pxdemo/softon/static/vendor/fontawesome/css/all.min.css]
[pxdraft.com/pxdemo/softon/static/vendor/jarallax/jarallax.css]
[pxdraft.com/pxdemo/softon/static/vendor/magnific/magnific-popup.css]
[pxdraft.com/pxdemo/softon/static/vendor/owl-carousel/css/owl.video.play.79.delayed]
[pxdraft.com/pxdemo/softon/static/vendor/owl-carousel/css/owl.carousel.min.css]
[pxdraft.com/pxdemo/softon/static/img/effect/style-1.svg]
[pxdraft.com/pxdemo/softon/static/img/effect/divider-1.svg]
[pxdraft.com/pxdemo/softon/static/img/effect/divider-2.svg]
[pxdraft.com/pxdemo/softon/static/img/home-1.svg]
[pxdraft.com/pxdemo/softon/static/img/features-1.svg]
[pxdraft.com/pxdemo/softon/static/img/feature-3.svg]
[pxdraft.com/pxdemo/softon/static/img/home-2.svg]
[pxdraft.com/pxdemo/softon/static/img/airbnb.svg]
[pxdraft.com/pxdemo/softon/static/img/amazon.svg]
[pxdraft.com/pxdemo/softon/static/img/paypal.svg]
[pxdraft.com/pxdemo/softon/static/img/slack.svg]
[pxdraft.com/pxdemo/softon/static/img/spotify.svg]
[pxdraft.com/pxdemo/softon/static/img/feature-5.svg]
[pxdraft.com/pxdemo/softon/static/img/effect/laptop.svg]
[pxdraft.com/pxdemo/softon/static/img/home-3.svg]
[pxdraft.com/pxdemo/softon/static/img/feature-8.svg]
[pxdraft.com/pxdemo/softon/static/img/effect/divider-4.svg]
[pxdraft.com/pxdemo/softon/static/img/feature-7.svg]
[pxdraft.com/pxdemo/softon/static/img/home-4.svg]
[pxdraft.com/pxdemo/softon/static/img/feature-10.svg]
[pxdraft.com/pxdemo/softon/static/img/feature-9.svg]
[pxdraft.com/pxdemo/softon/static/img/feature-11.svg]
[pxdraft.com/pxdemo/softon/static/img/apple.svg]
[pxdraft.com/pxdemo/softon/static/img/google-play.svg]
[pxdraft.com/pxdemo/softon/static/vendor/fontawesome/webfonts/fa-brands-400.svg]
[pxdraft.com/pxdemo/softon/static/vendor/fontawesome/webfonts/fa-regular-400.svg]
[pxdraft.com/pxdemo/softon/static/vendor/fontawesome/webfonts/fa-solid-900.svg]
[pxdraft.com/pxdemo/softon/static/vendor/owl-carousel/css/owl.video.play.html]
