[www.pxdraft.com/themeforest/raino/index.html]
[backblue.gif]
[fade.gif]
[index.html]
[www.pxdraft.com/themeforest/raino/favicon.ico]
[www.pxdraft.com/themeforest/raino/index-2.html]
[www.pxdraft.com/themeforest/raino/index-01.html]
[www.pxdraft.com/themeforest/raino/index-02.html]
[www.pxdraft.com/themeforest/raino/index-03.html]
[www.pxdraft.com/themeforest/raino/index-04.html]
[www.pxdraft.com/themeforest/raino/index-05.html]
[www.pxdraft.com/themeforest/raino/index-06.html]
[www.pxdraft.com/themeforest/raino/index-07.html]
[www.pxdraft.com/themeforest/raino/index-08.html]
[www.pxdraft.com/themeforest/raino/index-09.html]
[www.pxdraft.com/themeforest/raino/index-10.html]
[www.pxdraft.com/themeforest/raino/about-us-classic.html]
[www.pxdraft.com/themeforest/raino/about-us-simple.html]
[www.pxdraft.com/themeforest/raino/services-simple.html]
[www.pxdraft.com/themeforest/raino/price.html]
[www.pxdraft.com/themeforest/raino/faq.html]
[www.pxdraft.com/themeforest/raino/contact-us.html]
[www.pxdraft.com/themeforest/raino/accordions.html]
[www.pxdraft.com/themeforest/raino/blockquote.html]
[www.pxdraft.com/themeforest/raino/button.html]
[www.pxdraft.com/themeforest/raino/call-to-action.html]
[www.pxdraft.com/themeforest/raino/client-carousel.html]
[www.pxdraft.com/themeforest/raino/clients.html]
[www.pxdraft.com/themeforest/raino/columns.html]
[www.pxdraft.com/themeforest/raino/video.html]
[www.pxdraft.com/themeforest/raino/counters.html]
[www.pxdraft.com/themeforest/raino/google-map.html]
[www.pxdraft.com/themeforest/raino/heading.html]
[www.pxdraft.com/themeforest/raino/highlights.html]
[www.pxdraft.com/themeforest/raino/icon-with-text.html]
[www.pxdraft.com/themeforest/raino/interactive-banners.html]
[www.pxdraft.com/themeforest/raino/lists.html]
[www.pxdraft.com/themeforest/raino/message-box.html]
[www.pxdraft.com/themeforest/raino/pie-chart.html]
[www.pxdraft.com/themeforest/raino/pricing-table.html]
[www.pxdraft.com/themeforest/raino/process-bar.html]
[www.pxdraft.com/themeforest/raino/process-step.html]
[www.pxdraft.com/themeforest/raino/seperators.html]
[www.pxdraft.com/themeforest/raino/social-icons.html]
[www.pxdraft.com/themeforest/raino/subscribe.html]
[www.pxdraft.com/themeforest/raino/tabs.html]
[www.pxdraft.com/themeforest/raino/team.html]
[www.pxdraft.com/themeforest/raino/team-carousel.html]
[www.pxdraft.com/themeforest/raino/testimonials.html]
[www.pxdraft.com/themeforest/raino/testimonials-carousel.html]
[www.pxdraft.com/themeforest/raino/text-slider.html]
[www.pxdraft.com/themeforest/raino/portfolio.html]
[www.pxdraft.com/themeforest/raino/portfolio-single.html]
[www.pxdraft.com/themeforest/raino/blog.html]
[www.pxdraft.com/themeforest/raino/blog-details.html]
[www.pxdraft.com/themeforest/raino/static/img/about-12.png]
[www.pxdraft.com/themeforest/raino/static/img/about-1.png]
[www.pxdraft.com/themeforest/raino/static/img/about-3.jpg]
[www.pxdraft.com/themeforest/raino/static/img/about-2.jpg]
[www.pxdraft.com/themeforest/raino/static/img/about-4.jpg]
[www.pxdraft.com/themeforest/raino/static/img/client-1.png]
[www.pxdraft.com/themeforest/raino/static/img/client-2.png]
[www.pxdraft.com/themeforest/raino/static/img/client-3.png]
[www.pxdraft.com/themeforest/raino/static/img/client-4.png]
[www.pxdraft.com/themeforest/raino/static/img/team-1.jpg]
[www.pxdraft.com/themeforest/raino/static/img/team-2.jpg]
[www.pxdraft.com/themeforest/raino/static/img/team-3.jpg]
[www.pxdraft.com/themeforest/raino/static/img/team-4.jpg]
[www.pxdraft.com/themeforest/raino/static/img/avatra-1.jpg]
[www.pxdraft.com/themeforest/raino/static/img/avatra-2.jpg]
[www.pxdraft.com/themeforest/raino/static/img/avatra-3.jpg]
[www.pxdraft.com/themeforest/raino/static/img/client-5.png]
[www.pxdraft.com/themeforest/raino/static/img/client-6.png]
[www.pxdraft.com/themeforest/raino/static/img/blog-1.jpg]
[www.pxdraft.com/themeforest/raino/static/img/blog-2.jpg]
[www.pxdraft.com/themeforest/raino/static/img/blog-3.jpg]
[www.pxdraft.com/themeforest/raino/static/img/effect/map-bg-2.png]
[www.pxdraft.com/themeforest/raino/static/js/jquery-3.2.1.min.js]
[www.pxdraft.com/themeforest/raino/static/js/jquery-migrate-3.0.0.min.js]
[www.pxdraft.com/themeforest/raino/static/plugin/appear/jquery.appear.js]
[www.pxdraft.com/themeforest/raino/static/plugin/bootstrap/js/popper.min.js]
[www.pxdraft.com/themeforest/raino/static/plugin/bootstrap/js/bootstrap.js]
[www.pxdraft.com/themeforest/raino/static/js/custom.js]
[www.pxdraft.com/themeforest/raino/index.html]
[www.pxdraft.com/themeforest/raino/static/plugin/bootstrap/css/bootstrap.min.css]
[www.pxdraft.com/themeforest/raino/static/plugin/font-awesome/webfonts/fa-brands-400.eot]
[www.pxdraft.com/themeforest/raino/static/plugin/font-awesome/webfonts/fa-brands-400d41d.eot]
[www.pxdraft.com/themeforest/raino/static/plugin/font-awesome/webfonts/fa-brands-400.woff2]
[www.pxdraft.com/themeforest/raino/static/plugin/font-awesome/webfonts/fa-brands-400.woff]
[www.pxdraft.com/themeforest/raino/static/plugin/font-awesome/webfonts/fa-brands-400.ttf]
[www.pxdraft.com/themeforest/raino/static/plugin/font-awesome/webfonts/fa-regular-400.eot]
[www.pxdraft.com/themeforest/raino/static/plugin/font-awesome/webfonts/fa-regular-400d41d.eot]
[www.pxdraft.com/themeforest/raino/static/plugin/font-awesome/webfonts/fa-regular-400.woff2]
[www.pxdraft.com/themeforest/raino/static/plugin/font-awesome/webfonts/fa-regular-400.woff]
[www.pxdraft.com/themeforest/raino/static/plugin/font-awesome/webfonts/fa-regular-400.ttf]
[www.pxdraft.com/themeforest/raino/static/plugin/font-awesome/webfonts/fa-solid-900.eot]
[www.pxdraft.com/themeforest/raino/static/plugin/font-awesome/webfonts/fa-solid-900d41d.eot]
[www.pxdraft.com/themeforest/raino/static/plugin/font-awesome/webfonts/fa-solid-900.woff2]
[www.pxdraft.com/themeforest/raino/static/plugin/font-awesome/webfonts/fa-solid-900.woff]
[www.pxdraft.com/themeforest/raino/static/plugin/font-awesome/webfonts/fa-solid-900.ttf]
[www.pxdraft.com/themeforest/raino/static/plugin/font-awesome/css/all.min.css]
[www.pxdraft.com/themeforest/raino/static/plugin/et-line/fonts/et-line.eot]
[www.pxdraft.com/themeforest/raino/static/plugin/et-line/fonts/et-lined41d.eot]
[www.pxdraft.com/themeforest/raino/static/plugin/et-line/fonts/et-line.woff]
[www.pxdraft.com/themeforest/raino/static/plugin/et-line/fonts/et-line.ttf]
[www.pxdraft.com/themeforest/raino/static/plugin/et-line/style.css]
[www.pxdraft.com/themeforest/raino/static/plugin/themify-icons/fonts/themify9f24.eot]
[www.pxdraft.com/themeforest/raino/static/plugin/themify-icons/fonts/themifyd41d.eot]
[www.pxdraft.com/themeforest/raino/static/plugin/themify-icons/fonts/themify9f24.woff]
[www.pxdraft.com/themeforest/raino/static/plugin/themify-icons/fonts/themify9f24.ttf]
[www.pxdraft.com/themeforest/raino/static/plugin/themify-icons/themify-icons.css]
[www.pxdraft.com/themeforest/raino/static/plugin/ionicons/fonts/ioniconsde33.eot]
[www.pxdraft.com/themeforest/raino/static/plugin/ionicons/fonts/ioniconsde33.woff2]
[www.pxdraft.com/themeforest/raino/static/plugin/ionicons/fonts/ioniconsde33.woff]
[www.pxdraft.com/themeforest/raino/static/plugin/ionicons/fonts/ioniconsde33.ttf]
[www.pxdraft.com/themeforest/raino/static/plugin/ionicons/css/ionicons.min.css]
[www.pxdraft.com/themeforest/raino/static/plugin/owl-carousel/css/owl.video.play.81.delayed]
[www.pxdraft.com/themeforest/raino/static/plugin/owl-carousel/css/owl.carousel.min.css]
[www.pxdraft.com/themeforest/raino/static/plugin/magnific/magnific-popup.css]
[www.pxdraft.com/themeforest/raino/static/style/master.css]
[www.pxdraft.com/themeforest/raino/index-2.html]
[www.pxdraft.com/themeforest/raino/static/img/logo.svg]
[www.pxdraft.com/themeforest/raino/static/img/logo-light.svg]
[www.pxdraft.com/themeforest/raino/static/img/bg-1.jpg]
[www.pxdraft.com/themeforest/raino/index-01.html]
[www.pxdraft.com/themeforest/raino/static/img/ai-2.png]
[www.pxdraft.com/themeforest/raino/static/img/ai-3.png]
[www.pxdraft.com/themeforest/raino/static/img/ai-4.png]
[www.pxdraft.com/themeforest/raino/static/img/ai-5.png]
[www.pxdraft.com/themeforest/raino/static/img/bg-4.jpg]
[www.pxdraft.com/themeforest/raino/static/img/bg-3.jpg]
[www.pxdraft.com/themeforest/raino/static/img/blog-5.jpg]
[www.pxdraft.com/themeforest/raino/index-02.html]
[www.pxdraft.com/themeforest/raino/static/img/ai-1.png]
[www.pxdraft.com/themeforest/raino/static/img/ai-6.png]
[www.pxdraft.com/themeforest/raino/static/img/ai-7.png]
[www.pxdraft.com/themeforest/raino/static/img/ai-8.png]
[www.pxdraft.com/themeforest/raino/static/img/ai-9.png]
[www.pxdraft.com/themeforest/raino/static/img/about-5.jpg]
[www.pxdraft.com/themeforest/raino/static/img/about-6.jpg]
[www.pxdraft.com/themeforest/raino/static/img/about-7.jpg]
[www.pxdraft.com/themeforest/raino/index-03.html]
[www.pxdraft.com/themeforest/raino/index-04.html]
[www.pxdraft.com/themeforest/raino/static/img/laptop-1.png]
[www.pxdraft.com/themeforest/raino/static/img/screen-1.png]
[www.pxdraft.com/themeforest/raino/static/img/screen-2.jpg]
[www.pxdraft.com/themeforest/raino/static/img/screen-3.jpg]
[www.pxdraft.com/themeforest/raino/static/img/screen-4.jpg]
[www.pxdraft.com/themeforest/raino/static/img/screen-5.jpg]
[www.pxdraft.com/themeforest/raino/index-05.html]
[www.pxdraft.com/themeforest/raino/static/img/about-9.jpg]
[www.pxdraft.com/themeforest/raino/static/img/about-10.jpg]
[www.pxdraft.com/themeforest/raino/static/img/about-8.png]
[www.pxdraft.com/themeforest/raino/static/img/portfolio-1.jpg]
[www.pxdraft.com/themeforest/raino/static/img/portfolio-2.jpg]
[www.pxdraft.com/themeforest/raino/static/img/portfolio-3.jpg]
[www.pxdraft.com/themeforest/raino/static/img/portfolio-4.jpg]
[www.pxdraft.com/themeforest/raino/static/img/portfolio-5.jpg]
[www.pxdraft.com/themeforest/raino/static/img/portfolio-6.jpg]
[www.pxdraft.com/themeforest/raino/static/img/portfolio-7.jpg]
[www.pxdraft.com/themeforest/raino/static/img/portfolio-8.jpg]
[www.pxdraft.com/themeforest/raino/static/img/bg-2.jpg]
[www.pxdraft.com/themeforest/raino/index-06.html]
[www.pxdraft.com/themeforest/raino/static/img/bg-5.jpg]
[www.pxdraft.com/themeforest/raino/index-07.html]
[www.pxdraft.com/themeforest/raino/index-08.html]
[www.pxdraft.com/themeforest/raino/static/img/feature-17.png]
[www.pxdraft.com/themeforest/raino/static/img/feature-18.png]
[www.pxdraft.com/themeforest/raino/static/img/portfolio-9.jpg]
[www.pxdraft.com/themeforest/raino/index-09.html]
[www.pxdraft.com/themeforest/raino/static/img/feature-19.png]
[www.pxdraft.com/themeforest/raino/static/img/m-portfolio-1.jpg]
[www.pxdraft.com/themeforest/raino/static/img/m-portfolio-2.jpg]
[www.pxdraft.com/themeforest/raino/static/img/m-portfolio-3.jpg]
[www.pxdraft.com/themeforest/raino/static/img/m-portfolio-5.jpg]
[www.pxdraft.com/themeforest/raino/static/img/m-portfolio-4.jpg]
[www.pxdraft.com/themeforest/raino/static/img/m-portfolio-6.jpg]
[www.pxdraft.com/themeforest/raino/static/img/m-portfolio-7.jpg]
[www.pxdraft.com/themeforest/raino/static/img/m-portfolio-8.jpg]
[www.pxdraft.com/themeforest/raino/static/img/m-portfolio-9.jpg]
[www.pxdraft.com/themeforest/raino/index-10.html]
[www.pxdraft.com/themeforest/raino/static/img/md-bg-3.jpg]
[www.pxdraft.com/themeforest/raino/static/img/md-bg-4.jpg]
[www.pxdraft.com/themeforest/raino/static/img/sign.png]
[www.pxdraft.com/themeforest/raino/static/img/person-1.png]
[www.pxdraft.com/themeforest/raino/about-us-classic.html]
[www.pxdraft.com/themeforest/raino/static/img/blog-4.jpg]
[www.pxdraft.com/themeforest/raino/static/img/blog-6.jpg]
[www.pxdraft.com/themeforest/raino/about-us-simple.html]
[www.pxdraft.com/themeforest/raino/static/img/large-bg-8.jpg]
[www.pxdraft.com/themeforest/raino/services-simple.html]
[www.pxdraft.com/themeforest/raino/price.html]
[www.pxdraft.com/themeforest/raino/faq.html]
[www.pxdraft.com/themeforest/raino/static/plugin/mail/js/form.min.js]
[www.pxdraft.com/themeforest/raino/static/plugin/mail/js/script.js]
[www.pxdraft.com/themeforest/raino/contact-us.html]
[www.pxdraft.com/themeforest/raino/accordions.html]
[www.pxdraft.com/themeforest/raino/blockquote.html]
[www.pxdraft.com/themeforest/raino/button.html]
[www.pxdraft.com/themeforest/raino/call-to-action.html]
[www.pxdraft.com/themeforest/raino/client-carousel.html]
[www.pxdraft.com/themeforest/raino/clients.html]
[www.pxdraft.com/themeforest/raino/columns.html]
[www.pxdraft.com/themeforest/raino/video.html]
[www.pxdraft.com/themeforest/raino/counters.html]
[www.pxdraft.com/themeforest/raino/google-map.html]
[www.pxdraft.com/themeforest/raino/heading.html]
[www.pxdraft.com/themeforest/raino/highlights.html]
[www.pxdraft.com/themeforest/raino/icon-with-text.html]
[www.pxdraft.com/themeforest/raino/interactive-banners.html]
[www.pxdraft.com/themeforest/raino/lists.html]
[www.pxdraft.com/themeforest/raino/message-box.html]
[www.pxdraft.com/themeforest/raino/pie-chart.html]
[www.pxdraft.com/themeforest/raino/pricing-table.html]
[www.pxdraft.com/themeforest/raino/process-bar.html]
[www.pxdraft.com/themeforest/raino/process-step.html]
[www.pxdraft.com/themeforest/raino/seperators.html]
[www.pxdraft.com/themeforest/raino/social-icons.html]
[www.pxdraft.com/themeforest/raino/subscribe.html]
[www.pxdraft.com/themeforest/raino/tabs.html]
[www.pxdraft.com/themeforest/raino/team.html]
[www.pxdraft.com/themeforest/raino/static/img/team-5.jpg]
[www.pxdraft.com/themeforest/raino/team-carousel.html]
[www.pxdraft.com/themeforest/raino/testimonials.html]
[www.pxdraft.com/themeforest/raino/testimonials-carousel.html]
[www.pxdraft.com/themeforest/raino/text-slider.html]
[www.pxdraft.com/themeforest/raino/portfolio.html]
[www.pxdraft.com/themeforest/raino/portfolio-single.html]
[www.pxdraft.com/themeforest/raino/blog.html]
[www.pxdraft.com/themeforest/raino/blog-details.html]
[www.pxdraft.com/themeforest/raino/static/img/effect/style-1.svg]
[www.pxdraft.com/themeforest/raino/static/img/effect/divider-2.svg]
[www.pxdraft.com/themeforest/raino/static/img/spotify.svg]
[www.pxdraft.com/themeforest/raino/static/img/slack.svg]
[www.pxdraft.com/themeforest/raino/static/img/paypal.svg]
[www.pxdraft.com/themeforest/raino/static/img/airbnb.svg]
[www.pxdraft.com/themeforest/raino/static/img/effect/style-2.svg]
[www.pxdraft.com/themeforest/raino/static/plugin/font-awesome/webfonts/fa-brands-400.svg]
[www.pxdraft.com/themeforest/raino/static/plugin/font-awesome/webfonts/fa-regular-400.svg]
[www.pxdraft.com/themeforest/raino/static/plugin/font-awesome/webfonts/fa-solid-900.svg]
[www.pxdraft.com/themeforest/raino/static/plugin/et-line/fonts/et-line.svg]
[www.pxdraft.com/themeforest/raino/static/plugin/themify-icons/fonts/themify9f24.svg]
[www.pxdraft.com/themeforest/raino/static/plugin/ionicons/fonts/ioniconsde33.svg]
[www.pxdraft.com/themeforest/raino/static/plugin/owl-carousel/css/owl.video.play.html]
[www.pxdraft.com/themeforest/raino/static/fonts/spacegrotesk-bold-webfont.woff2]
[www.pxdraft.com/themeforest/raino/static/fonts/spacegrotesk-bold-webfont.woff]
[www.pxdraft.com/themeforest/raino/static/fonts/spacegrotesk-light-webfont.woff2]
[www.pxdraft.com/themeforest/raino/static/fonts/spacegrotesk-light-webfont.woff]
[www.pxdraft.com/themeforest/raino/static/fonts/spacegrotesk-medium-webfont.woff2]
[www.pxdraft.com/themeforest/raino/static/fonts/spacegrotesk-medium-webfont.woff]
[www.pxdraft.com/themeforest/raino/static/fonts/spacegrotesk-regular-webfont.woff2]
[www.pxdraft.com/themeforest/raino/static/fonts/spacegrotesk-regular-webfont.woff]
[www.pxdraft.com/themeforest/raino/static/fonts/spacegrotesk-semibold-webfont.woff2]
[www.pxdraft.com/themeforest/raino/static/fonts/spacegrotesk-semibold-webfont.woff]
[www.pxdraft.com/themeforest/raino/static/fonts/fonts.css]
[www.pxdraft.com/themeforest/raino/static/img/effect/divider-4.svg]
[www.pxdraft.com/themeforest/raino/static/img/ai-6.svg]
[www.pxdraft.com/themeforest/raino/static/img/ai-3.svg]
[www.pxdraft.com/themeforest/raino/static/img/ai-4.svg]
[www.pxdraft.com/themeforest/raino/static/img/ai-5.svg]
[www.pxdraft.com/themeforest/raino/static/img/ai-7.svg]
[www.pxdraft.com/themeforest/raino/static/img/ai-8.svg]
[www.pxdraft.com/themeforest/raino/static/img/effect/divider-1.svg]
[www.pxdraft.com/themeforest/raino/static/img/feature-12.svg]
[www.pxdraft.com/themeforest/raino/static/img/feature-10.svg]
[www.pxdraft.com/themeforest/raino/static/img/feature-11.svg]
[www.pxdraft.com/themeforest/raino/static/img/feature-13.svg]
[www.pxdraft.com/themeforest/raino/static/img/feature-14.svg]
[www.pxdraft.com/themeforest/raino/static/img/feature-16.svg]
[www.pxdraft.com/themeforest/raino/static/img/feature-15.svg]
[www.pxdraft.com/themeforest/raino/static/img/feature-17.svg]
[www.pxdraft.com/themeforest/raino/static/img/spotify-white.svg]
[www.pxdraft.com/themeforest/raino/static/img/slack-white.svg]
[www.pxdraft.com/themeforest/raino/static/img/paypal-white.svg]
[www.pxdraft.com/themeforest/raino/static/img/airbnb-white.svg]
[www.pxdraft.com/themeforest/raino/static/img/ai-2.svg]
[www.pxdraft.com/themeforest/raino/static/img/amazon.svg]
[www.pxdraft.com/themeforest/raino/static/img/ai-1.svg]
